// Jest Snapshot v1, https://goo.gl/fbAQLP

exports[`hould render CartItem component 1`] = `ShallowWrapper {}`;
